=== Checking source tree ===
lrwxrwxrwx 1 runner runner 16 Aug 27 10:21 build/envsetup.sh -> make/envsetup.sh
total 20
drwxr-xr-x  5 runner runner 4096 Aug 27 10:27 .
drwxr-xr-x 24 runner runner 4096 Aug 27 10:27 ..
drwxr-xr-x  3 runner runner 4096 Aug 27 10:21 common
drwxr-xr-x  4 runner runner 4096 Aug 27 10:21 qcom
drwxr-xr-x  3 runner runner 4096 Aug 27 10:27 xiaomi
=== Checking device tree ===
total 68
drwxr-xr-x 6 runner runner 4096 Aug 27 10:27 .
drwxr-xr-x 3 runner runner 4096 Aug 27 10:27 ..
drwxr-xr-x 7 runner runner 4096 Aug 27 10:27 .git
drwxr-xr-x 3 runner runner 4096 Aug 27 10:27 .github
-rwxr-xr-x 1 runner runner  228 Aug 27 10:27 .gitignore
-rw-r--r-- 1 runner runner  243 Aug 27 10:27 Android.mk
-rwxr-xr-x 1 runner runner  136 Aug 27 10:27 AndroidProducts.mk
-rwxr-xr-x 1 runner runner 5944 Aug 27 10:27 BoardConfig.mk
-rwxr-xr-x 1 runner runner 3205 Aug 27 10:27 README.md
-rw-r--r-- 1 runner runner  172 Aug 27 10:27 build_errors.log
-rw-r--r-- 1 runner runner 1557 Aug 27 10:27 build_full.log
-rwxr-xr-x 1 runner runner  903 Aug 27 10:27 device.mk
-rw-r--r-- 1 runner runner    0 Aug 27 10:27 out_dir.txt
-rw-r--r-- 1 runner runner    0 Aug 27 10:27 out_files.txt
drwxr-xr-x 2 runner runner 4096 Aug 27 10:27 prebuilt
drwxr-xr-x 3 runner runner 4096 Aug 27 10:27 recovery
-rw-r--r-- 1 runner runner  216 Aug 27 10:27 system.prop
-rwxr-xr-x 1 runner runner  366 Aug 27 10:27 twrp_cannon.mk
=== Setting up build environment ===
Warning: completion file /home/runner/twrp/tools/asuite/asuite.sh not found
=== envsetup exit code: 0 ===
=== Checking lunch function ===
lunch is a function
lunch () 
{ 
    local answer;
    if [[ $# -gt 1 ]]; then
        echo "usage: lunch [target]" 1>&2;
        return 1;
    fi;
    local used_lunch_menu=0;
    if [ "$1" ]; then
        answer=$1;
    else
        print_lunch_menu;
        echo "Which would you like? [aosp_cf_x86_64_phone-trunk_staging-eng]";
        echo -n "Pick from common choices above (e.g. 13) or specify your own (e.g. aosp_barbet-trunk_staging-eng): ";
        read answer;
        used_lunch_menu=1;
    fi;
    local selection=;
    if [ -z "$answer" ]; then
        selection=aosp_cf_x86_64_phone-trunk_staging-eng;
    else
        if ( echo -n $answer | grep -q -e "^[0-9][0-9]*$" ); then
            local choices=($(TARGET_BUILD_APPS= TARGET_PRODUCT= TARGET_RELEASE= TARGET_BUILD_VARIANT= get_build_var COMMON_LUNCH_CHOICES 2>/dev/null));
            if [ $answer -le ${#choices[@]} ]; then
                if [ -n "$ZSH_VERSION" ]; then
                    selection=${choices[$(($answer))]};
                else
                    selection=${choices[$(($answer-1))]};
                fi;
            fi;
        else
            selection=$answer;
        fi;
    fi;
    export TARGET_BUILD_APPS=;
    local product release variant;
    IFS="-" read -r product release variant <<< "$selection";
    if [[ -z "$product" ]] || [[ -z "$release" ]] || [[ -z "$variant" ]]; then
        echo;
        echo "Invalid lunch combo: $selection";
        echo "Valid combos must be of the form <product>-<release>-<variant>";
        return 1;
    fi;
    if ! check_product $product $release; then
        T=$(gettop);
        cd $T > /dev/null;
        vendor/twrp/build/tools/roomservice.py $product;
        cd - > /dev/null;
        check_product $product $release;
    else
        T=$(gettop);
        cd $T > /dev/null;
        vendor/twrp/build/tools/roomservice.py $product true;
        cd - > /dev/null;
    fi;
    TARGET_PRODUCT=$product TARGET_BUILD_VARIANT=$variant TARGET_RELEASE=$release build_build_var_cache;
    if [ $? -ne 0 ]; then
        if [[ "$product" =~ .*_(eng|user|userdebug) ]]; then
            echo "Did you mean -${product/*_/}? (dash instead of underscore)";
        fi;
        echo;
        echo "** Don't have a product spec for: '$product'";
        echo "** Do you have the right repo manifest?";
        product=;
    fi;
    if [ -z "$product" -o -z "$variant" ]; then
        echo;
        return 1;
    fi;
    export TARGET_PRODUCT=$(get_build_var TARGET_PRODUCT);
    export TARGET_BUILD_VARIANT=$(get_build_var TARGET_BUILD_VARIANT);
    export TARGET_RELEASE=$release;
    export TARGET_BUILD_TYPE=release;
    local prebuilt_kernel=$(get_build_var TARGET_PREBUILT_KERNEL);
    if [ -z "$prebuilt_kernel" ]; then
        export INLINE_KERNEL_BUILDING=true;
    else
        unset INLINE_KERNEL_BUILDING;
    fi;
    [[ -n "${ANDROID_QUIET_BUILD:-}" ]] || echo;
    set_stuff_for_environment;
    [[ -n "${ANDROID_QUIET_BUILD:-}" ]] || printconfig;
    if [ "${TARGET_BUILD_VARIANT}" = "userdebug" ] && [[ -z "${ANDROID_QUIET_BUILD}" ]]; then
        echo;
        echo "Want FASTER LOCAL BUILDS? Use -eng instead of -userdebug (however for" "performance benchmarking continue to use userdebug)";
    fi;
    if [ $used_lunch_menu -eq 1 ]; then
        echo;
        echo "Hint: next time you can simply run 'lunch $selection'";
    fi;
    destroy_build_var_cache;
    if [[ -n "${CHECK_MU_CONFIG:-}" ]]; then
        check_mu_config;
    fi
}
=== All lunch targets ===

You're building on Linux

Warning: Cannot display lunch menu.

Note: You can invoke lunch with an explicit target:

  usage: lunch [target]

Which would you like? [aosp_cf_x86_64_phone-trunk_staging-eng]
Pick from common choices above (e.g. 13) or specify your own (e.g. aosp_barbet-trunk_staging-eng): In file included from build/make/core/config.mk:380:
In file included from build/make/core/envsetup.mk:51:
build/make/core/release_config.mk:145: error: No release config found for TARGET_RELEASE: trunk_staging. Available releases are: .
10:27:44 dumpvars failed with: exit status 1
Device cf_x86_64_phone not found. Attempting to retrieve device repository from TeamWin Github (http://github.com/TeamWin).
Repository for cf_x86_64_phone not found in the TeamWin Github repository list.
If this is in error, you may need to manually add it to your .repo/local_manifests/roomservice.xml
In file included from build/make/core/config.mk:380:
In file included from build/make/core/envsetup.mk:51:
build/make/core/release_config.mk:145: error: No release config found for TARGET_RELEASE: trunk_staging. Available releases are: .
10:27:45 dumpvars failed with: exit status 1
In file included from build/make/core/config.mk:380:
In file included from build/make/core/envsetup.mk:51:
build/make/core/release_config.mk:145: error: No release config found for TARGET_RELEASE: trunk_staging. Available releases are: .
10:27:46 dumpvars failed with: exit status 1

** Don't have a product spec for: 'aosp_cf_x86_64_phone'
** Do you have the right repo manifest?

lunch command failed
=== Lunch targets with cannon ===
No cannon targets
=== Trying lunch twrp_cannon-eng ===

Invalid lunch combo: twrp_cannon-eng
Valid combos must be of the form <product>-<release>-<variant>
